[    0.000000] Linux version 5.8.0-rc1+ (ywu@amber) (gcc (Ubuntu 9.3.0-10ubuntu2) 9.3.0, GNU ld (GNU Binutils for Ubuntu) 2.34) #4 SMP Sun Jun 21 23:04:35 +08 2020
[    0.000000] Command line: root=/dev/sda rw console=ttyS0
[    0.000000] KERNEL supported cpus:
[    0.000000]   Intel GenuineIntel
[    0.000000]   AMD AuthenticAMD
[    0.000000]   Hygon HygonGenuine
[    0.000000]   Centaur CentaurHauls
[    0.000000]   zhaoxin   Shanghai  
[    0.000000] x86/fpu: x87 FPU will use FXSAVE
[    0.000000] BIOS-provided physical RAM map:
[    0.000000] BIOS-e820: [mem 0x0000000000000000-0x000000000009fbff] usable
[    0.000000] BIOS-e820: [mem 0x000000000009fc00-0x000000000009ffff] reserved
[    0.000000] BIOS-e820: [mem 0x00000000000f0000-0x00000000000fffff] reserved
[    0.000000] BIOS-e820: [mem 0x0000000000100000-0x00000000bffdefff] usable
[    0.000000] BIOS-e820: [mem 0x00000000bffdf000-0x00000000bfffffff] reserved
[    0.000000] BIOS-e820: [mem 0x00000000feffc000-0x00000000feffffff] reserved
[    0.000000] BIOS-e820: [mem 0x00000000fffc0000-0x00000000ffffffff] reserved
[    0.000000] BIOS-e820: [mem 0x0000000100000000-0x000000013fffffff] usable
[    0.000000] NX (Execute Disable) protection: active
[    0.000000] SMBIOS 2.8 present.
[    0.000000] DMI: QEMU Standard PC (i440FX + PIIX, 1996), BIOS 1.13.0-1ubuntu1 04/01/2014
[    0.000000] Hypervisor detected: KVM
[    0.000000] kvm-clock: Using msrs 4b564d01 and 4b564d00
[    0.000000] kvm-clock: cpu 0, msr 65c01001, primary cpu clock
[    0.000000] kvm-clock: using sched offset of 108370754 cycles
[    0.000001] clocksource: kvm-clock: mask: 0xffffffffffffffff max_cycles: 0x1cd42e4dffb, max_idle_ns: 881590591483 ns
[    0.000002] tsc: Detected 3800.000 MHz processor
[    0.000518] last_pfn = 0x140000 max_arch_pfn = 0x400000000
[    0.000549] x86/PAT: Configuration [0-7]: WB  WC  UC- UC  WB  WP  UC- WT  
[    0.000555] last_pfn = 0xbffdf max_arch_pfn = 0x400000000
[    0.002266] found SMP MP-table at [mem 0x000f5c60-0x000f5c6f]
[    0.002361] check: Scanning 1 areas for low memory corruption
[    0.008125] ACPI: Early table checksum verification disabled
[    0.008128] ACPI: RSDP 0x00000000000F5C20 000014 (v00 BOCHS )
[    0.008130] ACPI: RSDT 0x00000000BFFE1405 000030 (v01 BOCHS  BXPCRSDT 00000001 BXPC 00000001)
[    0.008134] ACPI: FACP 0x00000000BFFE12C9 000074 (v01 BOCHS  BXPCFACP 00000001 BXPC 00000001)
[    0.008138] ACPI: DSDT 0x00000000BFFDFDC0 001509 (v01 BOCHS  BXPCDSDT 00000001 BXPC 00000001)
[    0.008140] ACPI: FACS 0x00000000BFFDFD80 000040
[    0.008141] ACPI: APIC 0x00000000BFFE133D 000090 (v01 BOCHS  BXPCAPIC 00000001 BXPC 00000001)
[    0.008143] ACPI: HPET 0x00000000BFFE13CD 000038 (v01 BOCHS  BXPCHPET 00000001 BXPC 00000001)
[    0.008381] No NUMA configuration found
[    0.008382] Faking a node at [mem 0x0000000000000000-0x000000013fffffff]
[    0.008387] NODE_DATA(0) allocated [mem 0x13ffd2000-0x13fffcfff]
[    0.008577] Zone ranges:
[    0.008578]   DMA      [mem 0x0000000000001000-0x0000000000ffffff]
[    0.008578]   DMA32    [mem 0x0000000001000000-0x00000000ffffffff]
[    0.008579]   Normal   [mem 0x0000000100000000-0x000000013fffffff]
[    0.008580]   Device   empty
[    0.008580] Movable zone start for each node
[    0.008582] Early memory node ranges
[    0.008582]   node   0: [mem 0x0000000000001000-0x000000000009efff]
[    0.008583]   node   0: [mem 0x0000000000100000-0x00000000bffdefff]
[    0.008584]   node   0: [mem 0x0000000100000000-0x000000013fffffff]
[    0.008959] Zeroed struct page in unavailable ranges: 131 pages
[    0.008960] Initmem setup node 0 [mem 0x0000000000001000-0x000000013fffffff]
[    0.017845] ACPI: PM-Timer IO Port: 0x608
[    0.017856] ACPI: LAPIC_NMI (acpi_id[0xff] dfl dfl lint[0x1])
[    0.017877] IOAPIC[0]: apic_id 0, version 17, address 0xfec00000, GSI 0-23
[    0.017878] ACPI: INT_SRC_OVR (bus 0 bus_irq 0 global_irq 2 dfl dfl)
[    0.017879] ACPI: INT_SRC_OVR (bus 0 bus_irq 5 global_irq 5 high level)
[    0.017880] ACPI: INT_SRC_OVR (bus 0 bus_irq 9 global_irq 9 high level)
[    0.017881] ACPI: INT_SRC_OVR (bus 0 bus_irq 10 global_irq 10 high level)
[    0.017881] ACPI: INT_SRC_OVR (bus 0 bus_irq 11 global_irq 11 high level)
[    0.017884] Using ACPI (MADT) for SMP configuration information
[    0.017886] ACPI: HPET id: 0x8086a201 base: 0xfed00000
[    0.017891] smpboot: Allowing 4 CPUs, 0 hotplug CPUs
[    0.017907] PM: hibernation: Registered nosave memory: [mem 0x00000000-0x00000fff]
[    0.017908] PM: hibernation: Registered nosave memory: [mem 0x0009f000-0x0009ffff]
[    0.017909] PM: hibernation: Registered nosave memory: [mem 0x000a0000-0x000effff]
[    0.017909] PM: hibernation: Registered nosave memory: [mem 0x000f0000-0x000fffff]
[    0.017910] PM: hibernation: Registered nosave memory: [mem 0xbffdf000-0xbfffffff]
[    0.017911] PM: hibernation: Registered nosave memory: [mem 0xc0000000-0xfeffbfff]
[    0.017911] PM: hibernation: Registered nosave memory: [mem 0xfeffc000-0xfeffffff]
[    0.017912] PM: hibernation: Registered nosave memory: [mem 0xff000000-0xfffbffff]
[    0.017912] PM: hibernation: Registered nosave memory: [mem 0xfffc0000-0xffffffff]
[    0.017913] [mem 0xc0000000-0xfeffbfff] available for PCI devices
[    0.017914] Booting paravirtualized kernel on KVM
[    0.017917] clocksource: refined-jiffies: mask: 0xffffffff max_cycles: 0xffffffff, max_idle_ns: 7645519600211568 ns
[    0.017920] setup_percpu: NR_CPUS:8192 nr_cpumask_bits:4 nr_cpu_ids:4 nr_node_ids:1
[    0.018207] percpu: Embedded 56 pages/cpu s192512 r8192 d28672 u524288
[    0.018227] KVM setup async PF for cpu 0
[    0.018232] kvm-stealtime: cpu 0, msr 13bc2e080
[    0.018236] Built 1 zonelists, mobility grouping on.  Total pages: 1032040
[    0.018237] Policy zone: Normal
[    0.018238] Kernel command line: root=/dev/sda rw console=ttyS0
[    0.018711] Dentry cache hash table entries: 524288 (order: 10, 4194304 bytes, linear)
[    0.018923] Inode-cache hash table entries: 262144 (order: 9, 2097152 bytes, linear)
[    0.018941] mem auto-init: stack:off, heap alloc:on, heap free:off
[    0.032658] Memory: 4022144K/4193780K available (14339K kernel code, 2535K rwdata, 6136K rodata, 2596K init, 4968K bss, 171636K reserved, 0K cma-reserved)
[    0.032666] random: get_random_u64 called from __kmem_cache_create+0x42/0x540 with crng_init=0
[    0.032946] SLUB: HWalign=64, Order=0-3, MinObjects=0, CPUs=4, Nodes=1
[    0.032954] ftrace: allocating 45464 entries in 178 pages
[    0.043228] ftrace: allocated 178 pages with 4 groups
[    0.043484] rcu: Hierarchical RCU implementation.
[    0.043484] rcu: 	RCU restricting CPUs from NR_CPUS=8192 to nr_cpu_ids=4.
[    0.043485] 	Trampoline variant of Tasks RCU enabled.
[    0.043486] 	Rude variant of Tasks RCU enabled.
[    0.043486] 	Tracing variant of Tasks RCU enabled.
[    0.043487] rcu: RCU calculated value of scheduler-enlistment delay is 25 jiffies.
[    0.043487] rcu: Adjusting geometry for rcu_fanout_leaf=16, nr_cpu_ids=4
[    0.045388] NR_IRQS: 524544, nr_irqs: 456, preallocated irqs: 16
[    0.052077] Console: colour VGA+ 80x25
[    0.096438] printk: console [ttyS0] enabled
[    0.096746] ACPI: Core revision 20200528
[    0.097103] clocksource: hpet: mask: 0xffffffff max_cycles: 0xffffffff, max_idle_ns: 19112604467 ns
[    0.097792] APIC: Switch to symmetric I/O mode setup
[    0.098241] x2apic enabled
[    0.098543] Switched APIC routing to physical x2apic.
[    0.099485] ..TIMER: vector=0x30 apic1=0 pin1=2 apic2=-1 pin2=-1
[    0.099915] tsc: Marking TSC unstable due to TSCs unsynchronized
[    0.100335] Calibrating delay loop (skipped) preset value.. 7600.00 BogoMIPS (lpj=15200000)
[    0.100936] pid_max: default: 32768 minimum: 301
[    0.101275] LSM: Security Framework initializing
[    0.101605] Yama: becoming mindful.
[    0.104346] AppArmor: AppArmor initialized
[    0.104656] Mount-cache hash table entries: 8192 (order: 4, 65536 bytes, linear)
[    0.105172] Mountpoint-cache hash table entries: 8192 (order: 4, 65536 bytes, linear)
[    0.105892] Last level iTLB entries: 4KB 0, 2MB 0, 4MB 0
[    0.106270] Last level dTLB entries: 4KB 0, 2MB 0, 4MB 0, 1GB 0
[    0.106684] Spectre V1 : Mitigation: usercopy/swapgs barriers and __user pointer sanitization
[    0.107292] Spectre V2 : Mitigation: Full AMD retpoline
[    0.107656] Spectre V2 : Spectre v2 / SpectreRSB mitigation: Filling RSB on context switch
[    0.108227] Speculative Store Bypass: Vulnerable
[    0.108396] Freeing SMP alternatives memory: 40K
[    0.218116] smpboot: CPU0: AMD QEMU Virtual CPU version 2.5+ (family: 0x6, model: 0x6, stepping: 0x3)
[    0.218968] Performance Events: AMD PMU driver.
[    0.219298] ... version:                0
[    0.219577] ... bit width:              48
[    0.219861] ... generic registers:      4
[    0.220140] ... value mask:             0000ffffffffffff
[    0.220333] ... max period:             00007fffffffffff
[    0.220333] ... fixed-purpose events:   0
[    0.220333] ... event mask:             000000000000000f
[    0.220333] rcu: Hierarchical SRCU implementation.
[    0.220587] smp: Bringing up secondary CPUs ...
[    0.220953] x86: Booting SMP configuration:
[    0.221250] .... node  #0, CPUs:      #1
[    0.054793] kvm-clock: cpu 1, msr 65c01041, secondary cpu clock
[    0.054793] smpboot: CPU 1 Converting physical 0 to logical die 1
[    0.235032] KVM setup async PF for cpu 1
[    0.235032] kvm-stealtime: cpu 1, msr 13bcae080
[    0.236387]  #2
[    0.054793] kvm-clock: cpu 2, msr 65c01081, secondary cpu clock
[    0.054793] smpboot: CPU 2 Converting physical 0 to logical die 2
[    0.248838] KVM setup async PF for cpu 2
[    0.248838] kvm-stealtime: cpu 2, msr 13bd2e080
[    0.248944]  #3
[    0.054793] kvm-clock: cpu 3, msr 65c010c1, secondary cpu clock
[    0.054793] smpboot: CPU 3 Converting physical 0 to logical die 3
[    0.262863] KVM setup async PF for cpu 3
[    0.262863] kvm-stealtime: cpu 3, msr 13bdae080
[    0.264399] smp: Brought up 1 node, 4 CPUs
[    0.264702] smpboot: Max logical packages: 4
[    0.265006] smpboot: Total of 4 processors activated (30400.00 BogoMIPS)
[    0.265832] devtmpfs: initialized
[    0.265832] x86/mm: Memory block size: 128MB
[    0.265832] clocksource: jiffies: mask: 0xffffffff max_cycles: 0xffffffff, max_idle_ns: 7645041785100000 ns
[    0.265832] futex hash table entries: 1024 (order: 4, 65536 bytes, linear)
[    0.265832] pinctrl core: initialized pinctrl subsystem
[    0.268575] PM: RTC time: 15:05:04, date: 2020-06-21
[    0.268927] thermal_sys: Registered thermal governor 'fair_share'
[    0.268927] thermal_sys: Registered thermal governor 'bang_bang'
[    0.269357] thermal_sys: Registered thermal governor 'step_wise'
[    0.269782] thermal_sys: Registered thermal governor 'user_space'
[    0.270328] NET: Registered protocol family 16
[    0.271584] DMA: preallocated 4096 KiB GFP_KERNEL pool for atomic allocations
[    0.272401] DMA: preallocated 4096 KiB GFP_KERNEL|GFP_DMA pool for atomic allocations
[    0.273432] DMA: preallocated 4096 KiB GFP_KERNEL|GFP_DMA32 pool for atomic allocations
[    0.274009] audit: initializing netlink subsys (disabled)
[    0.274421] audit: type=2000 audit(1592751904.459:1): state=initialized audit_enabled=0 res=1
[    0.274421] EISA bus registered
[    0.274421] cpuidle: using governor ladder
[    0.276337] cpuidle: using governor menu
[    0.276728] ACPI: bus type PCI registered
[    0.277024] acpiphp: ACPI Hot Plug PCI Controller Driver version: 0.5
[    0.277569] PCI: Using configuration type 1 for base access
[    0.278827] HugeTLB registered 2.00 MiB page size, pre-allocated 0 pages
[    0.280386] ACPI: Added _OSI(Module Device)
[    0.280707] ACPI: Added _OSI(Processor Device)
[    0.281033] ACPI: Added _OSI(3.0 _SCP Extensions)
[    0.281365] ACPI: Added _OSI(Processor Aggregator Device)
[    0.281745] ACPI: Added _OSI(Linux-Dell-Video)
[    0.282058] ACPI: Added _OSI(Linux-Lenovo-NV-HDMI-Audio)
[    0.282432] ACPI: Added _OSI(Linux-HPI-Hybrid-Graphics)
[    0.283380] ACPI: 1 ACPI AML tables successfully acquired and loaded
[    0.284482] ACPI: Interpreter enabled
[    0.284766] ACPI: (supports S0 S3 S4 S5)
[    0.285043] ACPI: Using IOAPIC for interrupt routing
[    0.285417] PCI: Using host bridge windows from ACPI; if necessary, use "pci=nocrs" and report a bug
[    0.286168] ACPI: Enabled 2 GPEs in block 00 to 0F
[    0.288375] ACPI: PCI Root Bridge [PCI0] (domain 0000 [bus 00-ff])
[    0.288811] acpi PNP0A03:00: _OSC: OS supports [ASPM ClockPM Segments MSI HPX-Type3]
[    0.289360] acpi PNP0A03:00: fail to add MMCONFIG information, can't access extended PCI configuration space under this bridge.
[    0.290329] acpiphp: Slot [3] registered
[    0.290619] acpiphp: Slot [4] registered
[    0.290908] acpiphp: Slot [5] registered
[    0.291206] acpiphp: Slot [6] registered
[    0.291491] acpiphp: Slot [7] registered
[    0.291773] acpiphp: Slot [8] registered
[    0.292055] acpiphp: Slot [9] registered
[    0.292342] acpiphp: Slot [10] registered
[    0.292632] acpiphp: Slot [11] registered
[    0.292927] acpiphp: Slot [12] registered
[    0.293226] acpiphp: Slot [13] registered
[    0.293521] acpiphp: Slot [14] registered
[    0.293814] acpiphp: Slot [15] registered
[    0.294107] acpiphp: Slot [16] registered
[    0.294400] acpiphp: Slot [17] registered
[    0.294691] acpiphp: Slot [18] registered
[    0.294983] acpiphp: Slot [19] registered
[    0.295277] acpiphp: Slot [20] registered
[    0.295566] acpiphp: Slot [21] registered
[    0.295855] acpiphp: Slot [22] registered
[    0.296149] acpiphp: Slot [23] registered
[    0.296349] acpiphp: Slot [24] registered
[    0.296642] acpiphp: Slot [25] registered
[    0.296939] acpiphp: Slot [26] registered
[    0.297240] acpiphp: Slot [27] registered
[    0.297538] acpiphp: Slot [28] registered
[    0.297829] acpiphp: Slot [29] registered
[    0.298119] acpiphp: Slot [30] registered
[    0.298411] acpiphp: Slot [31] registered
[    0.298699] PCI host bridge to bus 0000:00
[    0.298987] pci_bus 0000:00: root bus resource [io  0x0000-0x0cf7 window]
[    0.299455] pci_bus 0000:00: root bus resource [io  0x0d00-0xffff window]
[    0.299920] pci_bus 0000:00: root bus resource [mem 0x000a0000-0x000bffff window]
[    0.300335] pci_bus 0000:00: root bus resource [mem 0xc0000000-0xfebfffff window]
[    0.300849] pci_bus 0000:00: root bus resource [mem 0x140000000-0x1bfffffff window]
[    0.301385] pci_bus 0000:00: root bus resource [bus 00-ff]
[    0.301789] pci 0000:00:00.0: [8086:1237] type 00 class 0x060000
[    0.302619] pci 0000:00:01.0: [8086:7000] type 00 class 0x060100
[    0.303418] pci 0000:00:01.1: [8086:7010] type 00 class 0x010180
[    0.305005] pci 0000:00:01.1: reg 0x20: [io  0xc040-0xc04f]
[    0.305820] pci 0000:00:01.1: legacy IDE quirk: reg 0x10: [io  0x01f0-0x01f7]
[    0.306324] pci 0000:00:01.1: legacy IDE quirk: reg 0x14: [io  0x03f6]
[    0.306777] pci 0000:00:01.1: legacy IDE quirk: reg 0x18: [io  0x0170-0x0177]
[    0.307273] pci 0000:00:01.1: legacy IDE quirk: reg 0x1c: [io  0x0376]
[    0.307828] pci 0000:00:01.3: [8086:7113] type 00 class 0x068000
[    0.308568] pci 0000:00:01.3: quirk: [io  0x0600-0x063f] claimed by PIIX4 ACPI
[    0.309077] pci 0000:00:01.3: quirk: [io  0x0700-0x070f] claimed by PIIX4 SMB
[    0.309871] pci 0000:00:02.0: [1234:1111] type 00 class 0x030000
[    0.310912] pci 0000:00:02.0: reg 0x10: [mem 0xfd000000-0xfdffffff pref]
[    0.312312] pci 0000:00:02.0: reg 0x18: [mem 0xfebb0000-0xfebb0fff]
[    0.314187] pci 0000:00:02.0: reg 0x30: [mem 0xfeba0000-0xfebaffff pref]
[    0.315538] pci 0000:00:03.0: [8086:100e] type 00 class 0x020000
[    0.316756] pci 0000:00:03.0: reg 0x10: [mem 0xfeb80000-0xfeb9ffff]
[    0.317574] pci 0000:00:03.0: reg 0x14: [io  0xc000-0xc03f]
[    0.319609] pci 0000:00:03.0: reg 0x30: [mem 0xfeb00000-0xfeb7ffff pref]
[    0.324274] ACPI: PCI Interrupt Link [LNKA] (IRQs 5 *10 11)
[    0.324399] ACPI: PCI Interrupt Link [LNKB] (IRQs 5 *10 11)
[    0.324859] ACPI: PCI Interrupt Link [LNKC] (IRQs 5 10 *11)
[    0.325736] ACPI: PCI Interrupt Link [LNKD] (IRQs 5 10 *11)
[    0.326158] ACPI: PCI Interrupt Link [LNKS] (IRQs *9)
[    0.326756] iommu: Default domain type: Translated 
[    0.326756] pci 0000:00:02.0: vgaarb: setting as boot VGA device
[    0.326756] pci 0000:00:02.0: vgaarb: VGA device added: decodes=io+mem,owns=io+mem,locks=none
[    0.328335] pci 0000:00:02.0: vgaarb: bridge control possible
[    0.328736] vgaarb: loaded
[    0.329037] SCSI subsystem initialized
[    0.329337] ACPI: bus type USB registered
[    0.329337] usbcore: registered new interface driver usbfs
[    0.329337] usbcore: registered new interface driver hub
[    0.329423] usbcore: registered new device driver usb
[    0.329788] pps_core: LinuxPPS API ver. 1 registered
[    0.330136] pps_core: Software ver. 5.3.6 - Copyright 2005-2007 Rodolfo Giometti <giometti@linux.it>
[    0.330758] PTP clock support registered
[    0.331064] EDAC MC: Ver: 3.0.0
[    0.332420] NetLabel: Initializing
[    0.332659] NetLabel:  domain hash size = 128
[    0.332974] NetLabel:  protocols = UNLABELED CIPSOv4 CALIPSO
[    0.333385] NetLabel:  unlabeled traffic allowed by default
[    0.333783] PCI: Using ACPI for IRQ routing
[    0.333783] hpet: 3 channels of 0 reserved for per-cpu timers
[    0.333783] hpet0: at MMIO 0xfed00000, IRQs 2, 8, 0
[    0.333783] hpet0: 3 comparators, 64-bit 100.000000 MHz counter
[    0.337404] clocksource: Switched to clocksource kvm-clock
[    0.344461] VFS: Disk quotas dquot_6.6.0
[    0.344758] VFS: Dquot-cache hash table entries: 512 (order 0, 4096 bytes)
[    0.345295] AppArmor: AppArmor Filesystem Enabled
[    0.345643] pnp: PnP ACPI init
[    0.346125] pnp: PnP ACPI: found 6 devices
[    0.352265] clocksource: acpi_pm: mask: 0xffffff max_cycles: 0xffffff, max_idle_ns: 2085701024 ns
[    0.352923] NET: Registered protocol family 2
[    0.353348] tcp_listen_portaddr_hash hash table entries: 2048 (order: 3, 32768 bytes, linear)
[    0.353974] TCP established hash table entries: 32768 (order: 6, 262144 bytes, linear)
[    0.354737] TCP bind hash table entries: 32768 (order: 7, 524288 bytes, linear)
[    0.355277] TCP: Hash tables configured (established 32768 bind 32768)
[    0.355762] UDP hash table entries: 2048 (order: 4, 65536 bytes, linear)
[    0.356233] UDP-Lite hash table entries: 2048 (order: 4, 65536 bytes, linear)
[    0.356753] NET: Registered protocol family 1
[    0.357060] NET: Registered protocol family 44
[    0.357376] pci_bus 0000:00: resource 4 [io  0x0000-0x0cf7 window]
[    0.357803] pci_bus 0000:00: resource 5 [io  0x0d00-0xffff window]
[    0.358229] pci_bus 0000:00: resource 6 [mem 0x000a0000-0x000bffff window]
[    0.358701] pci_bus 0000:00: resource 7 [mem 0xc0000000-0xfebfffff window]
[    0.359174] pci_bus 0000:00: resource 8 [mem 0x140000000-0x1bfffffff window]
[    0.359682] pci 0000:00:01.0: PIIX3: Enabling Passive Release
[    0.360090] pci 0000:00:00.0: Limiting direct PCI/PCI transfers
[    0.360513] pci 0000:00:01.0: Activating ISA DMA hang workarounds
[    0.360968] pci 0000:00:02.0: Video device with shadowed ROM at [mem 0x000c0000-0x000dffff]
[    0.361561] PCI: CLS 0 bytes, default 64
[    0.361866] PCI-DMA: Using software bounce buffering for IO (SWIOTLB)
[    0.362321] software IO TLB: mapped [mem 0xbbfdf000-0xbffdf000] (64MB)
[    0.362818] check: Scanning for low memory corruption every 60 seconds
[    0.363457] Initialise system trusted keyrings
[    0.363785] Key type blacklist registered
[    0.364146] workingset: timestamp_bits=36 max_order=20 bucket_order=0
[    0.365173] zbud: loaded
[    0.365476] squashfs: version 4.0 (2009/01/31) Phillip Lougher
[    0.366036] fuse: init (API version 7.31)
[    0.366460] integrity: Platform Keyring initialized
[    0.369053] Key type asymmetric registered
[    0.369343] Asymmetric key parser 'x509' registered
[    0.369684] Block layer SCSI generic (bsg) driver version 0.4 loaded (major 245)
[    0.370274] io scheduler mq-deadline registered
[    0.370719] shpchp: Standard Hot Plug PCI Controller Driver version: 0.4
[    0.371253] input: Power Button as /devices/LNXSYSTM:00/LNXPWRBN:00/input/input0
[    0.371795] ACPI: Power Button [PWRF]
[    0.372282] Serial: 8250/16550 driver, 32 ports, IRQ sharing enabled
[    0.372927] 00:05: ttyS0 at I/O 0x3f8 (irq = 4, base_baud = 115200) is a 16550A
[    0.374373] Linux agpgart interface v0.103
[    0.376106] loop: module loaded
[    0.377048] scsi host0: ata_piix
[    0.377414] scsi host1: ata_piix
[    0.377658] ata1: PATA max MWDMA2 cmd 0x1f0 ctl 0x3f6 bmdma 0xc040 irq 14
[    0.378132] ata2: PATA max MWDMA2 cmd 0x170 ctl 0x376 bmdma 0xc048 irq 15
[    0.378675] libphy: Fixed MDIO Bus: probed
[    0.378965] tun: Universal TUN/TAP device driver, 1.6
[    0.379642] PPP generic driver version 2.4.2
[    0.379993] VFIO - User Level meta-driver version: 0.3
[    0.380458] ehci_hcd: USB 2.0 'Enhanced' Host Controller (EHCI) Driver
[    0.380924] ehci-pci: EHCI PCI platform driver
[    0.381241] ehci-platform: EHCI generic platform driver
[    0.381611] ohci_hcd: USB 1.1 'Open' Host Controller (OHCI) Driver
[    0.382044] ohci-pci: OHCI PCI platform driver
[    0.382356] ohci-platform: OHCI generic platform driver
[    0.382721] uhci_hcd: USB Universal Host Controller Interface driver
[    0.383186] i8042: PNP: PS/2 Controller [PNP0303:KBD,PNP0f13:MOU] at 0x60,0x64 irq 1,12
[    0.384186] serio: i8042 KBD port at 0x60,0x64 irq 1
[    0.384553] serio: i8042 AUX port at 0x60,0x64 irq 12
[    0.384975] mousedev: PS/2 mouse device common for all mice
[    0.385499] rtc_cmos 00:00: RTC can wake from S4
[    0.386072] input: AT Translated Set 2 keyboard as /devices/platform/i8042/serio0/input/input1
[    0.386808] rtc_cmos 00:00: registered as rtc0
[    0.387189] rtc_cmos 00:00: setting system clock to 2020-06-21T15:05:04 UTC (1592751904)
[    0.387761] rtc_cmos 00:00: alarms up to one day, y3k, 114 bytes nvram, hpet irqs
[    0.388280] i2c /dev entries driver
[    0.388555] device-mapper: uevent: version 1.0.3
[    0.388911] device-mapper: ioctl: 4.42.0-ioctl (2020-02-27) initialised: dm-devel@redhat.com
[    0.389500] platform eisa.0: Probing EISA bus 0
[    0.389817] platform eisa.0: EISA: Cannot allocate resource for mainboard
[    0.390285] platform eisa.0: Cannot allocate resource for EISA slot 1
[    0.390730] platform eisa.0: Cannot allocate resource for EISA slot 2
[    0.391174] platform eisa.0: Cannot allocate resource for EISA slot 3
[    0.391618] platform eisa.0: Cannot allocate resource for EISA slot 4
[    0.392071] platform eisa.0: Cannot allocate resource for EISA slot 5
[    0.392521] platform eisa.0: Cannot allocate resource for EISA slot 6
[    0.392967] platform eisa.0: Cannot allocate resource for EISA slot 7
[    0.393410] platform eisa.0: Cannot allocate resource for EISA slot 8
[    0.393854] platform eisa.0: EISA: Detected 0 cards
[    0.394281] ledtrig-cpu: registered to indicate activity on CPUs
[    0.394723] drop_monitor: Initializing network drop monitor service
[    0.395238] NET: Registered protocol family 10
[    0.396206] Segment Routing with IPv6
[    0.396767] bpfilter: Loaded bpfilter_umh pid 124
[    0.397136] NET: Registered protocol family 17
[    0.397531] Key type dns_resolver registered
[    0.398083] IPI shorthand broadcast: enabled
[    0.398387] sched_clock: Marking stable (347266270, 50793420)->(398760810, -701120)
[    0.399005] registered taskstats version 1
[    0.399301] Loading compiled-in X.509 certificates
[    0.400044] Loaded X.509 cert 'Build time autogenerated kernel key: 48c63316d410ad6e1b69c844217efd0001b1734c'
[    0.400776] zswap: loaded using pool lzo/zbud
[    0.401246] Key type ._fscrypt registered
[    0.401534] Key type .fscrypt registered
[    0.401843] Key type fscrypt-provisioning registered
[    0.402420] Key type encrypted registered
[    0.402708] AppArmor: AppArmor sha1 policy hashing enabled
[    0.403092] ima: No TPM chip found, activating TPM-bypass!
[    0.403470] ima: Allocated hash algorithm: sha1
[    0.403824] ima: No architecture policies found
[    0.404144] evm: Initialising EVM extended attributes:
[    0.404523] evm: security.selinux
[    0.404756] evm: security.SMACK64
[    0.404988] evm: security.SMACK64EXEC
[    0.405243] evm: security.SMACK64TRANSMUTE
[    0.405528] evm: security.SMACK64MMAP
[    0.405784] evm: security.apparmor
[    0.406021] evm: security.ima
[    0.406230] evm: security.capability
[    0.406480] evm: HMAC attrs: 0x1
[    0.406847] PM:   Magic number: 8:681:83
[    0.407273] RAS: Correctable Errors collector initialized.
[    0.537801] ata1.00: ATA-7: QEMU HARDDISK, 2.5+, max UDMA/100
[    0.538639] ata1.00: 209715200 sectors, multi 16: LBA48 
[    0.539650] ata2.00: ATAPI: QEMU DVD-ROM, 2.5+, max UDMA/100
[    0.541589] scsi 0:0:0:0: Direct-Access     ATA      QEMU HARDDISK    2.5+ PQ: 0 ANSI: 5
[    0.542881] scsi 0:0:0:0: Attached scsi generic sg0 type 0
[    0.543940] sd 0:0:0:0: [sda] 209715200 512-byte logical blocks: (107 GB/100 GiB)
[    0.544171] scsi 1:0:0:0: CD-ROM            QEMU     QEMU DVD-ROM     2.5+ PQ: 0 ANSI: 5
[    0.545085] sd 0:0:0:0: [sda] Write Protect is off
[    0.547181] sd 0:0:0:0: [sda] Write cache: enabled, read cache: enabled, doesn't support DPO or FUA
[    0.550035] sd 0:0:0:0: [sda] Attached SCSI disk
[    0.576925] sr 1:0:0:0: [sr0] scsi3-mmc drive: 4x/4x cd/rw xa/form2 tray
[    0.577523] cdrom: Uniform CD-ROM driver Revision: 3.20
[    0.578327] sr 1:0:0:0: Attached scsi generic sg1 type 5
[    0.578842] md: Waiting for all devices to be available before autodetect
[    0.579312] md: If you don't use raid, use raid=noautodetect
[    0.579821] md: Autodetecting RAID arrays.
[    0.580111] md: autorun ...
[    0.580310] md: ... autorun DONE.
[    0.595894] EXT4-fs (sda): warning: mounting fs with errors, running e2fsck is recommended
[    0.598424] EXT4-fs (sda): recovery complete
[    0.599987] EXT4-fs (sda): mounted filesystem with ordered data mode. Opts: (null)
[    0.600872] VFS: Mounted root (ext4 filesystem) on device 8:0.
[    0.602079] devtmpfs: mounted
[    0.604215] Freeing unused decrypted memory: 2040K
[    0.605117] Freeing unused kernel image (initmem) memory: 2596K
[    0.605538] Write protecting the kernel read-only data: 22528k
[    0.606351] Freeing unused kernel image (text/rodata gap) memory: 2044K
[    0.606900] Freeing unused kernel image (rodata/data gap) memory: 8K
[    0.629643] x86/mm: Checked W+X mappings: passed, no W+X pages found.
[    0.630109] Run /sbin/init as init process
[    0.666861] random: fast init done
[    0.667873] systemd[1]: Failed to lookup module alias 'autofs4': Function not implemented
[    0.673508] systemd[1]: systemd 241 running in system mode. (+PAM +AUDIT +SELINUX +IMA +APPARMOR +SMACK +SYSVINIT +UTMP +LIBCRYPTSETUP +GCRYPT +GNUTLS +ACL +XZ +LZ4 +SECCOMP +BLKID +ELFUTILS +KMOD -IDN2 +IDN -PCRE2 default-hierarchy=hybrid)
[    0.677012] systemd[1]: Detected virtualization kvm.
[    0.677371] systemd[1]: Detected architecture x86-64.

Welcome to [1mDebian GNU/Linux 10 (buster)[0m!

[    0.697706] systemd[1]: Set hostname to <amber>.
[    0.748454] random: systemd: uninitialized urandom read (16 bytes read)
[    0.749401] random: systemd: uninitialized urandom read (16 bytes read)
[    0.749942] systemd[1]: Listening on Journal Socket.
[[0;32m  OK  [0m] Listening on [0;1;39mJournal Socket[0m.
[    0.751004] random: systemd: uninitialized urandom read (16 bytes read)
[    0.752035] systemd[1]: Mounting POSIX Message Queue File System...
         Mounting [0;1;39mPOSIX Message Queue File System[0m...
[    0.753321] systemd[1]: Listening on Syslog Socket.
[[0;32m  OK  [0m] Listening on [0;1;39mSyslog Socket[0m.
[    0.754484] systemd[1]: Reached target Slices.
[[0;32m  OK  [0m] Reached target [0;1;39mSlices[0m.
[    0.755772] systemd[1]: Mounting Kernel Debug File System...
         Mounting [0;1;39mKernel Debug File System[0m...
[    0.757070] systemd[1]: Started Forward Password Requests to Wall Directory Watch.
[[0;32m  OK  [0m] Started [0;1;39mForward Password Râ€¦uests to Wall Directory Watch[0m.
[[0;32m  OK  [0m] Listening on [0;1;39minitctl Compatibility Named Pipe[0m.
[[0;32m  OK  [0m] Listening on [0;1;39mudev Kernel Socket[0m.
[[0;32m  OK  [0m] Started [0;1;39mDispatch Password â€¦ts to Console Directory Watch[0m.
[[0;32m  OK  [0m] Reached target [0;1;39mLocal Encrypted Volumes[0m.
[[0;32m  OK  [0m] Reached target [0;1;39mRemote File Systems[0m.
[[0;1;33mUNSUPP[0m] Starting of [0;1;39mArbitrary Execâ€¦Automount Point[0m not supported.
[[0;32m  OK  [0m] Created slice [0;1;39msystem-serial\x2dgetty.slice[0m.
[[0;32m  OK  [0m] Listening on [0;1;39mudev Control Socket[0m.
         Starting [0;1;39mudev Coldplug all Devices[0m...
         Mounting [0;1;39mHuge Pages File System[0m...
[[0;32m  OK  [0m] Reached target [0;1;39mPaths[0m.
         Starting [0;1;39mLoad Kernel Modules[0m...
[[0;32m  OK  [0m] Listening on [0;1;39mJournal Audit Socket[0m.
[[0;32m  OK  [0m] Created slice [0;1;39msystem-getty.slice[0m.
[[0;32m  OK  [0m] Listening on [0;1;39mJournal Socket (/dev/log)[0m.
         Starting [0;1;39mJournal Service[0m...
[[0;32m  OK  [0m] Reached target [0;1;39mSockets[0m.
[[0;32m  OK  [0m] Reached target [0;1;39mSwap[0m.
         Starting [0;1;39mRemount Root and Kernel File Systems[0m...
[[0;32m  OK  [0m] Mounted [0;1;39mPOSIX Message Queue File System[0m.
[[0;32m  OK  [0m] Mounted [0;1;39mKernel Debug File System[0m.
[[0;32m  OK  [0m] Mounted [0;1;39mHuge Pages File System[0m.
[[0;32m  OK  [0m] Started [0;1;39mLoad Kernel Modules[0m.
[[0;32m  OK  [0m] Started [0;1;39mRemount Root and Kernel File Systems[0m.
         Starting [0;1;39mCreate System Users[0m...
         Starting [0;1;39mLoad/Save Random Seed[0m...
         Mounting [0;1;39mKernel Configuration File System[0m...
         Starting [0;1;39mApply Kernel Variables[0m...
         Mounting [0;1;39mFUSE Control File System[0m...
[[0;32m  OK  [0m] Mounted [0;1;39mFUSE Control File System[0m.
[[0;32m  OK  [0m] Mounted [0;1;39mKernel Configuration File System[0m.
[[0;32m  OK  [0m] Started [0;1;39mLoad/Save Random Seed[0m.
[[0;32m  OK  [0m] Started [0;1;39mCreate System Users[0m.
[[0;32m  OK  [0m] Started [0;1;39mApply Kernel Variables[0m.
         Starting [0;1;39mCreate Static Device Nodes in /dev[0m...
[[0;32m  OK  [0m] Started [0;1;39mudev Coldplug all Devices[0m.
[[0;32m  OK  [0m] Started [0;1;39mJournal Service[0m.
[[0;32m  OK  [0m] Started [0;1;39mCreate Static Device Nodes in /dev[0m.
[[0;32m  OK  [0m] Reached target [0;1;39mLocal File Systems (Pre)[0m.
[[0;32m  OK  [0m] Reached target [0;1;39mLocal File Systems[0m.
         Starting [0;1;39mudev Kernel Device Manager[0m...
         Starting [0;1;39mFlush Journal to Persistent Storage[0m...
         Starting [0;1;39mHelper to synchronize boot up for ifupdown[0m...
[    0.815998] systemd-journald[160]: Received request to flush runtime journal from PID 1
[[0;32m  OK  [0m] Started [0;1;39mHelper to synchronize boot up for ifupdown[0m.
         Starting [0;1;39mRaise network interfaces[0m...
[[0;32m  OK  [0m] Started [0;1;39mudev Kernel Device Manager[0m.
[[0;32m  OK  [0m] Started [0;1;39mRaise network interfaces[0m.
[[0;32m  OK  [0m] Started [0;1;39mFlush Journal to Persistent Storage[0m.
         Starting [0;1;39mCreate Volatile Files and Directories[0m...
[[0;32m  OK  [0m] Reached target [0;1;39mNetwork[0m.
[    0.846597] EXT4-fs error (device sda): ext4_validate_block_bitmap:385: comm systemd-tmpfile: bg 48: bad block bitmap checksum
[    0.849400] EXT4-fs error (device sda): ext4_validate_block_bitmap:385: comm systemd-tmpfile: bg 49: bad block bitmap checksum
[[0;32m  OK  [0m] Started [0;1;39mCreate Volatile Files and Directories[0m.
         Starting [0;1;39mNetwork Time Synchronization[0m...
         Starting [0;1;39mUpdate UTMP about System Boot/Shutdown[0m...
[[0;32m  OK  [0m] Started [0;1;39mUpdate UTMP about System Boot/Shutdown[0m.
[[0;32m  OK  [0m] Started [0;1;39mNetwork Time Synchronization[0m.
[[0;32m  OK  [0m] Found device [0;1;39m/dev/ttyS0[0m.
[[0;32m  OK  [0m] Listening on [0;1;39mLoad/Save RF â€¦itch Status /dev/rfkill Watch[0m.
[[0;32m  OK  [0m] Reached target [0;1;39mSystem Time Synchronized[0m.
[[0;32m  OK  [0m] Reached target [0;1;39mSystem Initialization[0m.
[[0;32m  OK  [0m] Reached target [0;1;39mBasic System[0m.
[[0;32m  OK  [0m] Started [0;1;39mDaily rotation of log files[0m.
         Starting [0;1;39mPermit User Sessions[0m...
         Starting [0;1;39mSystem Logging Service[0m...
[[0;32m  OK  [0m] Started [0;1;39mDaily Cleanup of Temporary Directories[0m.
         Starting [0;1;39mgetty on tty2-ttyâ€¦nd logind are not available[0m...
[[0;32m  OK  [0m] Started [0;1;39mDaily apt download activities[0m.
[[0;32m  OK  [0m] Started [0;1;39mDaily apt upgrade and clean activities[0m.
[[0;32m  OK  [0m] Reached target [0;1;39mTimers[0m.
[[0;32m  OK  [0m] Started [0;1;39mRegular background program processing daemon[0m.
[[0;32m  OK  [0m] Started [0;1;39mPermit User Sessions[0m.
[[0;32m  OK  [0m] Started [0;1;39mGetty on tty1[0m.
[[0;32m  OK  [0m] Started [0;1;39mSerial Getty on ttyS0[0m.
[[0;32m  OK  [0m] Started [0;1;39mGetty on tty2[0m.
[[0;32m  OK  [0m] Started [0;1;39mSystem Logging Service[0m.
[[0;32m  OK  [0m] Started [0;1;39mGetty on tty3[0m.
[[0;32m  OK  [0m] Started [0;1;39mGetty on tty4[0m.
[[0;32m  OK  [0m] Started [0;1;39mGetty on tty5[0m.
[[0;32m  OK  [0m] Started [0;1;39mGetty on tty6[0m.
[[0;32m  OK  [0m] Started [0;1;39mgetty on tty2-tty6â€¦ and logind are not available[0m.
[[0;32m  OK  [0m] Reached target [0;1;39mLogin Prompts[0m.
[[0;32m  OK  [0m] Reached target [0;1;39mMulti-User System[0m.
[[0;32m  OK  [0m] Reached target [0;1;39mGraphical Interface[0m.
         Starting [0;1;39mUpdate UTMP about System Runlevel Changes[0m...
[[0;32m  OK  [0m] Started [0;1;39mUpdate UTMP about System Runlevel Changes[0m.

Debian GNU/Linux 10 amber ttyS0

amber login: [    4.813905] random: crng init done
[    4.814444] random: 7 urandom warning(s) missed due to ratelimiting
[   10.813775] EXT4-fs error (device sda): ext4_validate_block_bitmap:385: comm kworker/u8:2: bg 417: bad block bitmap checksum
[   10.817783] EXT4-fs (sda): Delayed block allocation failed for inode 3408348 at logical offset 37 with max blocks 12 with error 74
[   10.819486] EXT4-fs (sda): This should not happen!! Data will be lost
[   10.819486] 
[   10.821133] EXT4-fs (sda): Delayed block allocation failed for inode 3408353 at logical offset 33 with max blocks 11 with error 117
[   10.822824] EXT4-fs (sda): This should not happen!! Data will be lost
[   10.822824] 
[   10.823985] EXT4-fs (sda): Delayed block allocation failed for inode 3408391 at logical offset 30 with max blocks 10 with error 117
[   10.825326] EXT4-fs (sda): This should not happen!! Data will be lost
[   10.825326] 
[   10.829173] EXT4-fs (sda): Delayed block allocation failed for inode 3408348 at logical offset 48 with max blocks 2 with error 117
[   10.829991] EXT4-fs (sda): This should not happen!! Data will be lost
[   10.829991] 
[   10.830538] EXT4-fs (sda): Delayed block allocation failed for inode 3408353 at logical offset 43 with max blocks 2 with error 117
[   10.831340] EXT4-fs (sda): This should not happen!! Data will be lost
[   10.831340] 
